+ cd /Users/jiayifan/tansey_lab/alarmist
+ PY=/Users/jiayifan/anaconda3/envs/comp-commot/bin/python
+ /Users/jiayifan/anaconda3/envs/comp-commot/bin/python scripts/comparators/commot/run_commot_impact.py --pathway GRN --ds-source alarmist --n-ds-genes 30
[15:46:23] cores: ['1', '2', '3', '4', '5', '6', '8', '9', '10', '11', '12', '13', '14'] | pathway=GRN | ds_source=alarmist | method=treebased_score
[15:46:23] source h5ad: 100197 cells x 5119 genes
[15:46:23] ALARMIST ds_genes (30): CCL18, SLAMF1, TGM2, CD3E, SPON2, MARCO, FMOD, CD248, CTHRC1, CCDC141...
[15:46:28] --- core 1: 26456 cells | pathway 'GRN' has 1 LR pairs | .raw rebuilt
[15:46:28]     ds_genes = 30  |  bg_genes = 500
4 31
0
1
2
3
4
5
6
7
8
9
10
11
12
13
14
15
16
17
18
19
20
21
22
23
24
25
26
27
28
29
30
[15:59:24]     plot_communication_impact SKIPPED: pathway 'GRN' has 1 LR pair, so each summary has 2 rows and the function's clustering raises IndexError
[15:59:24]     df_impact (4, 31) | done in 13.0 min
[15:59:25] --- core 2: 819 cells | pathway 'GRN' has 1 LR pairs | .raw rebuilt
[15:59:25]     ds_genes = 30  |  bg_genes = 500
4 31
0
1
2
3
4
5
6
7
8
9
10
11
12
13
14
15
16
17
18
19
20
21
22
23
24
25
26
27
28
29
30
[16:02:38]     plot_communication_impact SKIPPED: pathway 'GRN' has 1 LR pair, so each summary has 2 rows and the function's clustering raises IndexError
[16:02:38]     df_impact (4, 31) | done in 3.2 min
[16:02:40] --- core 3: 6955 cells | pathway 'GRN' has 1 LR pairs | .raw rebuilt
[16:02:40]     ds_genes = 30  |  bg_genes = 500
4 31
0
1
2
3
4
5
6
7
8
9
10
11
12
13
14
15
16
17
18
19
20
21
22
23
24
25
26
27
28
29
30
[16:06:51]     plot_communication_impact SKIPPED: pathway 'GRN' has 1 LR pair, so each summary has 2 rows and the function's clustering raises IndexError
[16:06:51]     df_impact (4, 31) | done in 4.2 min
[16:06:52] --- core 4: 5363 cells | pathway 'GRN' has 1 LR pairs | .raw rebuilt
[16:06:52]     ds_genes = 30  |  bg_genes = 500
4 31
0
1
2
3
4
5
6
7
8
9
10
11
12
13
14
15
16
17
18
19
20
21
22
23
24
25
26
27
28
29
30
[16:10:56]     plot_communication_impact SKIPPED: pathway 'GRN' has 1 LR pair, so each summary has 2 rows and the function's clustering raises IndexError
[16:10:56]     df_impact (4, 31) | done in 4.1 min
[16:10:57] --- core 5: 6900 cells | pathway 'GRN' has 1 LR pairs | .raw rebuilt
[16:10:57]     ds_genes = 30  |  bg_genes = 500
4 31
0
1
2
3
4
5
6
7
8
9
10
11
12
13
14
15
16
17
18
19
20
21
22
23
24
25
26
27
28
29
30
[16:15:16]     plot_communication_impact SKIPPED: pathway 'GRN' has 1 LR pair, so each summary has 2 rows and the function's clustering raises IndexError
[16:15:16]     df_impact (4, 31) | done in 4.3 min
[16:15:17] --- core 6: 3092 cells | pathway 'GRN' has 1 LR pairs | .raw rebuilt
[16:15:17]     ds_genes = 30  |  bg_genes = 500
4 31
0
1
2
3
4
5
6
7
8
9
10
11
12
13
14
15
16
17
18
19
20
21
22
23
24
25
26
27
28
29
30
[16:19:06]     plot_communication_impact SKIPPED: pathway 'GRN' has 1 LR pair, so each summary has 2 rows and the function's clustering raises IndexError
[16:19:06]     df_impact (4, 31) | done in 3.8 min
[16:19:09] --- core 8: 9300 cells | pathway 'GRN' has 1 LR pairs | .raw rebuilt
[16:19:09]     ds_genes = 30  |  bg_genes = 500
4 31
0
1
2
3
4
5
6
7
8
9
10
11
12
13
14
15
16
17
18
19
20
21
22
23
24
25
26
27
28
29
30
[16:24:35]     plot_communication_impact SKIPPED: pathway 'GRN' has 1 LR pair, so each summary has 2 rows and the function's clustering raises IndexError
[16:24:35]     df_impact (4, 31) | done in 5.5 min
[16:24:36] --- core 9: 5097 cells | pathway 'GRN' has 1 LR pairs | .raw rebuilt
[16:24:36]     ds_genes = 30  |  bg_genes = 500
4 31
0
1
2
3
4
5
6
7
8
9
10
11
12
13
14
15
16
17
18
19
20
21
22
23
24
25
26
27
28
29
30
[16:28:46]     plot_communication_impact SKIPPED: pathway 'GRN' has 1 LR pair, so each summary has 2 rows and the function's clustering raises IndexError
[16:28:46]     df_impact (4, 31) | done in 4.2 min
[16:28:51] --- core 10: 17435 cells | pathway 'GRN' has 1 LR pairs | .raw rebuilt
[16:28:51]     ds_genes = 30  |  bg_genes = 500
4 31
0
1
2
3
4
5
6
7
8
9
10
11
12
13
14
15
16
17
18
19
20
21
22
23
24
25
26
27
28
29
30
[16:37:14]     plot_communication_impact SKIPPED: pathway 'GRN' has 1 LR pair, so each summary has 2 rows and the function's clustering raises IndexError
[16:37:14]     df_impact (4, 31) | done in 8.5 min
[16:37:15] --- core 11: 3826 cells | pathway 'GRN' has 1 LR pairs | .raw rebuilt
[16:37:15]     ds_genes = 30  |  bg_genes = 500
/Users/jiayifan/anaconda3/envs/comp-commot/lib/python3.10/multiprocessing/resource_tracker.py:224: UserWarning: resource_tracker: There appear to be 2 leaked semaphore objects to clean up at shutdown
  warnings.warn('resource_tracker: There appear to be %d '
