[19:42:47] reading data/xenium_mm_final_cell_id.h5ad
[19:42:51] dropped 21 '_'-containing control probes -> 5098 genes
[19:42:57] QC dropped 7 cells (min_genes=10)
[19:42:59] after QC + normalize_total(1e4) + log1p: 100190 cells x 5097 genes
[19:43:02] spatial_neighbors(bandwidth=13.1454) -> 10,119,190 nnz
/Users/jiayifan/anaconda3/envs/comp-liana/lib/python3.11/site-packages/docrep/decorators.py:43: SyntaxWarning: 'n_jobs' is not a valid key!
/Users/jiayifan/anaconda3/envs/comp-liana/lib/python3.11/site-packages/docrep/decorators.py:43: SyntaxWarning: 'show_progress_bar' is not a valid key!
[19:43:29] SVG filter (FDR<0.05 & I>0.01): 5097 -> 5097 genes
[19:43:37] resource: LIANA consensus (4624 pairs)
[19:43:37] li.mt.inflow(groupby='cell_type', nz_prop=0.001)
Using `.X`!
Converting to sparse csr matrix!
/Users/jiayifan/anaconda3/envs/comp-liana/lib/python3.11/site-packages/liana/method/sp/_inflow.py:316: ImplicitModificationWarning: Trying to modify attribute `.var` of view, initializing view as actual.
Using provided `resource`.
[19:43:50]   lrdata: 100190 cells x 9448 FEATURES
[19:43:52] 
[19:43:52] === NMF ADMISSIBILITY ===
[19:43:52]   min value = 0 | negative entries = 0 of 946,595,120
[19:43:52]   NMF-admissible (non-negative): YES
[19:43:52] === FEATURE SPACE ===
[19:43:52]   n_features = 9448   (bivariate gave 131)
[19:43:52]   var columns: ['mean', 'variance', 'std', 'cv', 'nonzero_fraction']
[19:43:52]   example var_names: ['AC-like^LGALS9^MET', 'AC-like^LGALS9^CD44', 'AC-like^LGALS9^LRP1', 'AC-like^LGALS9^CD47']
[19:43:52]   cell types = 9 -> implied unique interactions = 1049.8
[19:43:53]   sparsity: 99.36% zeros
[19:44:04] DONE in 1.3 min -> results/comparators/liana/GBM/default_inflow
