[18:11:46] loading
[18:11:46]   W (100190, 7) | 2704 features | 7 factors
[18:11:46]   2 groups over 13 punches: {'high': 7, 'low': 6}
[18:11:46] [1] NMF factor usage per punch, contrasted on grade
[18:11:46]   factor: 0/7 at BH q<0.05 (min p 0.01399); n = 7 vs 6 PUNCHES
[18:11:46]   (floor on a two-sided rank test with 7 vs 6 units: p_min = 0.001166)
[18:11:47] [2] required LRs per punch, contrasted on grade
[18:11:49]   REQUIRED GRN^SORT1: 9 sender-typed features + 1 aggregate
[18:11:49]   REQUIRED ANXA1^FPR1: 9 sender-typed features + 1 aggregate
[18:11:49]   requiredLR: 0/20 at BH q<0.05 (min p 0.01399); n = 7 vs 6 PUNCHES
[18:11:49]   (floor on a two-sided rank test with 7 vs 6 units: p_min = 0.001166)
[18:11:49] [3] li.pl.circle_plot / li.pl.tileplot from global_interactions.csv
[18:11:50]   5,417 of 41,472 rows at p<0.05
/Users/jiayifan/anaconda3/envs/comp-liana/lib/python3.11/site-packages/liana/plotting/_common.py:108: SettingWithCopyWarning: 
A value is trying to be set on a copy of a slice from a DataFrame.
Try using .loc[row_indexer,col_indexer] = value instead

See the caveats in the documentation: https://pandas.pydata.org/pandas-docs/stable/user_guide/indexing.html#returning-a-view-versus-a-copy
[18:11:50]   ok: circle_plot_top50.png
/Users/jiayifan/anaconda3/envs/comp-liana/lib/python3.11/site-packages/liana/plotting/_common.py:108: SettingWithCopyWarning: 
A value is trying to be set on a copy of a slice from a DataFrame.
Try using .loc[row_indexer,col_indexer] = value instead

See the caveats in the documentation: https://pandas.pydata.org/pandas-docs/stable/user_guide/indexing.html#returning-a-view-versus-a-copy
[18:11:52]   ok: tileplot_top25.png
/Users/jiayifan/anaconda3/envs/comp-liana/lib/python3.11/site-packages/liana/plotting/_common.py:108: SettingWithCopyWarning: 
A value is trying to be set on a copy of a slice from a DataFrame.
Try using .loc[row_indexer,col_indexer] = value instead

See the caveats in the documentation: https://pandas.pydata.org/pandas-docs/stable/user_guide/indexing.html#returning-a-view-versus-a-copy
[18:11:52]   ok: dotplot_top25.png
[18:11:52]   ok: tileplot_GRN-SORT1.png
[18:11:53]   ok: tileplot_ANXA1-FPR1.png
[18:11:53] DONE in 0.12 min -> results/comparators/liana/GBM/nmf_inflow/punch_level (7 figures, 0 skipped)
