[12:54:18] splits with a persisted object: ['1', '2', '3', '4', '5', '6', '8', '9', '10', '11', '12', '13', '14']
[12:54:23]   1: 26,456 cells | grade=high | 1661 pairs, 335 selected
[12:54:24]   2: 819 cells | grade=low | 686 pairs, 416 selected
[12:54:25]   3: 6,955 cells | grade=high | 1619 pairs, 209 selected
[12:54:26]   4: 5,363 cells | grade=low | 1654 pairs, 104 selected
[12:54:28]   5: 6,900 cells | grade=high | 1572 pairs, 382 selected
[12:54:28]   6: 3,092 cells | grade=low | 1133 pairs, 54 selected
[12:54:30]   8: 9,300 cells | grade=high | 1546 pairs, 651 selected
[12:54:31]   9: 5,097 cells | grade=low | 1518 pairs, 481 selected
[12:54:35]   10: 17,435 cells | grade=high | 1635 pairs, 855 selected
[12:54:36]   11: 3,826 cells | grade=high | 1497 pairs, 167 selected
[12:54:37]   12: 3,308 cells | grade=low | 1481 pairs, 435 selected
[12:54:39]   13: 9,126 cells | grade=high | 1630 pairs, 863 selected
[12:54:39]   14: 2,520 cells | grade=low | 1339 pairs, 249 selected
[12:54:39] design: high=1 -> ['1', '3', '5', '8', '10', '11', '13'] | low=0 -> ['2', '4', '6', '9', '12', '14']
[12:54:40] concat: 100,197 cells x 1662 union LR pairs across 13 splits
[12:54:40] union pairs 1662 | tested in all 13 splits: 581 | zero-filled cells in zscore_df: 2635 (12.2%)
[12:54:41] differential: 0 pairs at diff FDR < 0.1 (min diff FDR = 0.1144) | high_specific=0 (high_only=0) | low_specific=0 (low_only=0)
[12:54:42]   ok: clustermap_1_minus_p_all_pairs
[12:54:43]   ok: differential_dendrogram
[12:54:43]   ok: differential_volcano
[12:54:43]   ok: differential_volcano_requested
[12:54:43]   skipped dot_path: dot_path / compute_pathway: both `_specific` sets are empty (no pair reached diff FDR < 0.1, and none is selected in every high split while absent from every low split) -- nothing to enrich
[12:54:43] density design: dense=1 -> ['1', '3', '5', '8', '9', '10', '13'] | differs from the grade design at split(s) ['9', '11']
[12:54:44] sensitivity: dense_specific=5 sparse_specific=0 | Jaccard vs high/low = 0.0/0.0
[12:54:44] DONE in 0.4 min -> results/comparators/spatialdm/GBM/cellchatdb2/differential_grade | 0 failure(s)

Requested LRs:
                      diff     p_val  diff_fdr  mean_z_high  mean_z_low  n_selected_high  n_selected_low  high_specific  low_specific
interaction_name                                                                                                                     
GRN_SORT1         4.393367  0.204303  0.619621     6.073341    1.679974                5               2          False         False
ANXA1_FPR1        0.384666  0.848601  0.968519     2.946204    2.561539                4               2          False         False

Top 15 by differential FDR (RAW -- includes testability artefacts):
                              diff  diff_fdr  n_tested_high  n_tested_low  n_selected_high  n_selected_low          annotation   pathway_name  non_protein_origin
interaction_name                                                                                                                                                 
SLC6A5_SHMT1_GLRA1_GLRB   2.920781  0.114421              7             6                2               0  Secreted Signaling        Glycine                True
SDC2_ADGRA2              10.427055  0.128026              7             6                7               2   Cell-Cell Contact          ADGRA               False
DBH_SLC18A2_ADRB1         1.314387  0.128026              7             3                1               0  Secreted Signaling  Noradrenaline                True
COL4A1_ITGA1_ITGB1       24.148110  0.128026              7             5                7               5        ECM-Receptor       COLLAGEN               False
COL4A2_ITGA1_ITGB1       20.182068  0.128026              7             5                7               4        ECM-Receptor       COLLAGEN               False
PNMT_SLC18A2_ADRB1        1.314387  0.128026              7             3                1               0  Secreted Signaling     Adrenaline                True
CDH5_CDH5                18.893802  0.128026              7             6                7               4   Cell-Cell Contact           CDH5               False
DLL3_NOTCH3              -5.954053  0.141263              7             6                0               0   Cell-Cell Contact          NOTCH               False
VEGFC_KDR                 6.206869  0.176156              7             4                7               2  Secreted Signaling           VEGF               False
PECAM1_PECAM1            21.141279  0.238416              7             6                7               6   Cell-Cell Contact         PECAM1               False
SLC6A9_SHMT1_GLRA1_GLRB   3.666238  0.254359              7             6                5               0  Secreted Signaling        Glycine                True
VEGFC_FLT4_KDR            6.936890  0.254359              7             4                7               2  Secreted Signaling           VEGF               False
LAMC1_ITGA1_ITGB1        10.898868  0.262460              7             5                7               4        ECM-Receptor        LAMININ               False
SEMA3C_NRP2_PLXNA3        2.000575  0.312596              7             6                2               0  Secreted Signaling          SEMA3               False
TGFB1_ACVR1C_TGFBR2       3.388372  0.312596              7             5                6               3  Secreted Signaling           TGFb               False

Top 15 among the 563 pairs tested in ALL splits and selected somewhere:
                                      diff  diff_fdr  n_tested_high  n_tested_low  n_selected_high  n_selected_low          annotation pathway_name  non_protein_origin
interaction_name                                                                                                                                                       
SLC6A5_SHMT1_GLRA1_GLRB           2.920781  0.114421              7             6                2               0  Secreted Signaling      Glycine                True
SDC2_ADGRA2                      10.427055  0.128026              7             6                7               2   Cell-Cell Contact        ADGRA               False
CDH5_CDH5                        18.893802  0.128026              7             6                7               4   Cell-Cell Contact         CDH5               False
PECAM1_PECAM1                    21.141279  0.238416              7             6                7               6   Cell-Cell Contact       PECAM1               False
SLC6A9_SHMT1_GLRA1_GLRB           3.666238  0.254359              7             6                5               0  Secreted Signaling      Glycine                True
SEMA3C_NRP2_PLXNA3                2.000575  0.312596              7             6                2               0  Secreted Signaling        SEMA3               False
SEMA3C_NRP2_PLXNA1                2.000575  0.312596              7             6                2               0  Secreted Signaling        SEMA3               False
SEMA3C_NRP2_PLXNA2                2.000575  0.312596              7             6                2               0  Secreted Signaling        SEMA3               False
SEMA3C_NRP2_PLXNA4                2.000575  0.312596              7             6                2               0  Secreted Signaling        SEMA3               False
L1CAM_L1CAM                      10.412535  0.373254              7             6                7               2   Cell-Cell Contact        L1CAM               False
GJA1_GJA1                        13.982545  0.373254              7             6                7               5   Cell-Cell Contact          GAP               False
ICAM1_ITGAM_ITGB2                 3.932599  0.373254              7             6                5               1   Cell-Cell Contact         ICAM               False
TNC_SDC4                          8.280812  0.373254              7             6                7               1        ECM-Receptor     TENASCIN               False
SLC6A6_GAD1_GABRA3_GABRB3_GABRE   5.165160  0.373254              7             6                5               0  Secreted Signaling       GABA-A                True
MPZL1_MPZL1                       4.032323  0.373254              7             6                6               2   Cell-Cell Contact          MPZ               False
